225
111
2018-08-31 20:20:00
10000
44
9a27d8c02ed0ae0f62072963bae34ce845e7ba6b971d9bc76f58e14bec91c3e3
112
False
0
False
None
2
4999990000
225
None
225
225
900
